// Jest Snapshot v1, https://goo.gl/fbAQLP

exports[`ItemScreen should render correctly 1`] = `
<View
  style={
    Object {
      "flex": 1,
      "flexDirection": "column",
      "marginBottom": 50,
      "marginLeft": 10,
      "marginRight": 10,
      "marginTop": 10,
    }
  }
>
  <View
    style={
      Object {
        "flex": 0,
        "flexDirection": "row",
        "marginTop": 0,
      }
    }
  >
    <TextInput
      accessibilityLabel="itemNameInput"
      allowFontScaling={true}
      onChangeText={[Function]}
      placeholder="Add item"
      rejectResponderTermination={true}
      style={
        Object {
          "flex": 1,
          "fontSize": 16,
        }
      }
      underlineColorAndroid="transparent"
      value="item 1"
    />
    <View
      accessibilityLabel="qrCodeButton"
      accessibilityRole="button"
      accessibilityStates={Array []}
      accessible={true}
      focusable={true}
      isTVSelectable={true}
      onClick={[Function]}
      onResponderGrant={[Function]}
      onResponderMove={[Function]}
      onResponderRelease={[Function]}
      onResponderTerminate={[Function]}
      onResponderTerminationRequest={[Function]}
      onStartShouldSetResponder={[Function]}
      style={
        Object {
          "opacity": 1,
        }
      }
    >
      <View
        style={
          Array [
            Object {},
          ]
        }
      >
        <Text
          style={
            Array [
              Object {
                "color": "#007AFF",
                "fontSize": 18,
                "padding": 8,
                "textAlign": "center",
              },
            ]
          }
        >
          QrCodeButton
        </Text>
      </View>
    </View>
  </View>
  <View
    style={
      Object {
        "alignItems": "center",
        "flex": 0,
        "flexDirection": "row",
        "marginTop": 10,
      }
    }
  >
    <View
      accessibilityLabel="lessButton"
      accessibilityRole="button"
      accessibilityStates={Array []}
      accessible={true}
      focusable={true}
      isTVSelectable={true}
      onClick={[Function]}
      onResponderGrant={[Function]}
      onResponderMove={[Function]}
      onResponderRelease={[Function]}
      onResponderTerminate={[Function]}
      onResponderTerminationRequest={[Function]}
      onStartShouldSetResponder={[Function]}
      style={
        Object {
          "opacity": 1,
        }
      }
    >
      <View
        style={
          Array [
            Object {},
          ]
        }
      >
        <Text
          disabled={false}
          style={
            Array [
              Object {
                "color": "#007AFF",
                "fontSize": 18,
                "padding": 8,
                "textAlign": "center",
              },
            ]
          }
        >
          less
        </Text>
      </View>
    </View>
    <Text
      style={
        Object {
          "fontSize": 16,
        }
      }
    />
    <View
      accessibilityLabel="moreButton"
      accessibilityRole="button"
      accessibilityStates={Array []}
      accessible={true}
      focusable={true}
      isTVSelectable={true}
      onClick={[Function]}
      onResponderGrant={[Function]}
      onResponderMove={[Function]}
      onResponderRelease={[Function]}
      onResponderTerminate={[Function]}
      onResponderTerminationRequest={[Function]}
      onStartShouldSetResponder={[Function]}
      style={
        Object {
          "opacity": 1,
        }
      }
    >
      <View
        style={
          Array [
            Object {},
          ]
        }
      >
        <Text
          style={
            Array [
              Object {
                "color": "#007AFF",
                "fontSize": 18,
                "padding": 8,
                "textAlign": "center",
              },
            ]
          }
        >
          more
        </Text>
      </View>
    </View>
  </View>
  <View
    style={
      Object {
        "alignItems": "center",
        "flex": 1,
        "marginTop": 10,
      }
    }
  >
    <View
      accessibilityLabel="cameraButton"
      accessibilityRole="button"
      accessibilityStates={Array []}
      accessible={true}
      focusable={true}
      isTVSelectable={true}
      onClick={[Function]}
      onResponderGrant={[Function]}
      onResponderMove={[Function]}
      onResponderRelease={[Function]}
      onResponderTerminate={[Function]}
      onResponderTerminationRequest={[Function]}
      onStartShouldSetResponder={[Function]}
      style={
        Object {
          "opacity": 1,
        }
      }
    >
      <View
        style={
          Array [
            Object {},
          ]
        }
      >
        <Text
          style={
            Array [
              Object {
                "color": "#007AFF",
                "fontSize": 18,
                "padding": 8,
                "textAlign": "center",
              },
            ]
          }
        >
          CameraButton
        </Text>
      </View>
    </View>
    <Image
      source={
        Object {
          "uri": undefined,
        }
      }
      style={
        Object {
          "flex": 1,
          "height": 100,
          "marginTop": 10,
          "resizeMode": "contain",
          "width": 300,
        }
      }
    />
  </View>
</View>
`;
